[0.115s] DEBUG:colcon:Command line arguments: ['/usr/bin/colcon', 'list', '-p', '--base-paths', '/home/aaraizae/Puzzlebot_Minichallenges/Minichallenge5']
[0.115s] DEBUG:colcon:Parsed command line arguments: Namespace(log_base=None, log_level=None, verb_name='list', build_base='build', ignore_user_meta=False, metas=['./colcon.meta'], base_paths=['/home/aaraizae/Puzzlebot_Minichallenges/Minichallenge5'], packages_ignore=None, packages_ignore_regex=None, paths=None, packages_up_to=None, packages_up_to_regex=None, packages_above=None, packages_above_and_dependencies=None, packages_above_depth=None, packages_select_by_dep=None, packages_skip_by_dep=None, packages_skip_up_to=None, packages_select_build_failed=False, packages_skip_build_finished=False, packages_select_test_failures=False, packages_skip_test_passed=False, packages_select=None, packages_skip=None, packages_select_regex=None, packages_skip_regex=None, packages_start=None, packages_end=None, allow_overriding=[], topological_order=False, names_only=False, paths_only=True, topological_graph=False, topological_graph_dot=False, topological_graph_density=False, topological_graph_legend=False, topological_graph_dot_cluster=False, topological_graph_dot_include_skipped=False, mixin_files=None, mixin=None, verb_parser=<colcon_mixin.mixin.mixin_argument.MixinArgumentDecorator object at 0x77cb5dba10f0>, verb_extension=<colcon_package_information.verb.list.ListVerb object at 0x77cb5db6fdf0>, main=<bound method ListVerb.main of <colcon_package_information.verb.list.ListVerb object at 0x77cb5db6fdf0>>, mixin_verb=('list',))
[0.274s] Level 1:colcon.colcon_core.package_discovery:discover_packages(colcon_meta) check parameters
[0.274s] Level 1:colcon.colcon_core.package_discovery:discover_packages(recursive) check parameters
[0.274s] Level 1:colcon.colcon_core.package_discovery:discover_packages(ignore) check parameters
[0.274s] Level 1:colcon.colcon_core.package_discovery:discover_packages(path) check parameters
[0.274s] Level 1:colcon.colcon_core.package_discovery:discover_packages(recursive) discover
[0.274s] INFO:colcon.colcon_core.package_discovery:Crawling recursively for packages in '/home/aaraizae/Puzzlebot_Minichallenges/Minichallenge5'
[0.274s] Level 1:colcon.colcon_core.package_identification:_identify(/home/aaraizae/Puzzlebot_Minichallenges/Minichallenge5) by extensions ['ignore', 'ignore_ament_install']
[0.274s] Level 1:colcon.colcon_core.package_identification:_identify(/home/aaraizae/Puzzlebot_Minichallenges/Minichallenge5) by extension 'ignore'
[0.274s] Level 1:colcon.colcon_core.package_identification:_identify(/home/aaraizae/Puzzlebot_Minichallenges/Minichallenge5) by extension 'ignore_ament_install'
[0.274s] Level 1:colcon.colcon_core.package_identification:_identify(/home/aaraizae/Puzzlebot_Minichallenges/Minichallenge5) by extensions ['colcon_pkg']
[0.274s] Level 1:colcon.colcon_core.package_identification:_identify(/home/aaraizae/Puzzlebot_Minichallenges/Minichallenge5) by extension 'colcon_pkg'
[0.274s] Level 1:colcon.colcon_core.package_identification:_identify(/home/aaraizae/Puzzlebot_Minichallenges/Minichallenge5) by extensions ['colcon_meta']
[0.274s] Level 1:colcon.colcon_core.package_identification:_identify(/home/aaraizae/Puzzlebot_Minichallenges/Minichallenge5) by extension 'colcon_meta'
[0.274s] Level 1:colcon.colcon_core.package_identification:_identify(/home/aaraizae/Puzzlebot_Minichallenges/Minichallenge5) by extensions ['ros']
[0.275s] Level 1:colcon.colcon_core.package_identification:_identify(/home/aaraizae/Puzzlebot_Minichallenges/Minichallenge5) by extension 'ros'
[0.284s] Level 1:colcon.colcon_core.package_identification:_identify(/home/aaraizae/Puzzlebot_Minichallenges/Minichallenge5) by extensions ['cmake', 'python']
[0.284s] Level 1:colcon.colcon_core.package_identification:_identify(/home/aaraizae/Puzzlebot_Minichallenges/Minichallenge5) by extension 'cmake'
[0.284s] Level 1:colcon.colcon_core.package_identification:_identify(/home/aaraizae/Puzzlebot_Minichallenges/Minichallenge5) by extension 'python'
[0.284s] Level 1:colcon.colcon_core.package_identification:_identify(/home/aaraizae/Puzzlebot_Minichallenges/Minichallenge5) by extensions ['python_setup_py']
[0.284s] Level 1:colcon.colcon_core.package_identification:_identify(/home/aaraizae/Puzzlebot_Minichallenges/Minichallenge5) by extension 'python_setup_py'
[0.284s] Level 1:colcon.colcon_core.package_identification:_identify(/home/aaraizae/Puzzlebot_Minichallenges/Minichallenge5/log) by extensions ['ignore', 'ignore_ament_install']
[0.284s] Level 1:colcon.colcon_core.package_identification:_identify(/home/aaraizae/Puzzlebot_Minichallenges/Minichallenge5/log) by extension 'ignore'
[0.284s] Level 1:colcon.colcon_core.package_identification:_identify(/home/aaraizae/Puzzlebot_Minichallenges/Minichallenge5/log) ignored
[0.284s] Level 1:colcon.colcon_core.package_identification:_identify(/home/aaraizae/Puzzlebot_Minichallenges/Minichallenge5/src) by extensions ['ignore', 'ignore_ament_install']
[0.284s] Level 1:colcon.colcon_core.package_identification:_identify(/home/aaraizae/Puzzlebot_Minichallenges/Minichallenge5/src) by extension 'ignore'
[0.284s] Level 1:colcon.colcon_core.package_identification:_identify(/home/aaraizae/Puzzlebot_Minichallenges/Minichallenge5/src) by extension 'ignore_ament_install'
[0.285s] Level 1:colcon.colcon_core.package_identification:_identify(/home/aaraizae/Puzzlebot_Minichallenges/Minichallenge5/src) by extensions ['colcon_pkg']
[0.285s] Level 1:colcon.colcon_core.package_identification:_identify(/home/aaraizae/Puzzlebot_Minichallenges/Minichallenge5/src) by extension 'colcon_pkg'
[0.285s] Level 1:colcon.colcon_core.package_identification:_identify(/home/aaraizae/Puzzlebot_Minichallenges/Minichallenge5/src) by extensions ['colcon_meta']
[0.285s] Level 1:colcon.colcon_core.package_identification:_identify(/home/aaraizae/Puzzlebot_Minichallenges/Minichallenge5/src) by extension 'colcon_meta'
[0.285s] Level 1:colcon.colcon_core.package_identification:_identify(/home/aaraizae/Puzzlebot_Minichallenges/Minichallenge5/src) by extensions ['ros']
[0.285s] Level 1:colcon.colcon_core.package_identification:_identify(/home/aaraizae/Puzzlebot_Minichallenges/Minichallenge5/src) by extension 'ros'
[0.285s] Level 1:colcon.colcon_core.package_identification:_identify(/home/aaraizae/Puzzlebot_Minichallenges/Minichallenge5/src) by extensions ['cmake', 'python']
[0.285s] Level 1:colcon.colcon_core.package_identification:_identify(/home/aaraizae/Puzzlebot_Minichallenges/Minichallenge5/src) by extension 'cmake'
[0.285s] Level 1:colcon.colcon_core.package_identification:_identify(/home/aaraizae/Puzzlebot_Minichallenges/Minichallenge5/src) by extension 'python'
[0.285s] Level 1:colcon.colcon_core.package_identification:_identify(/home/aaraizae/Puzzlebot_Minichallenges/Minichallenge5/src) by extensions ['python_setup_py']
[0.285s] Level 1:colcon.colcon_core.package_identification:_identify(/home/aaraizae/Puzzlebot_Minichallenges/Minichallenge5/src) by extension 'python_setup_py'
[0.285s] Level 1:colcon.colcon_core.package_identification:_identify(/home/aaraizae/Puzzlebot_Minichallenges/Minichallenge5/src/puzzlebot_sim) by extensions ['ignore', 'ignore_ament_install']
[0.285s] Level 1:colcon.colcon_core.package_identification:_identify(/home/aaraizae/Puzzlebot_Minichallenges/Minichallenge5/src/puzzlebot_sim) by extension 'ignore'
[0.285s] Level 1:colcon.colcon_core.package_identification:_identify(/home/aaraizae/Puzzlebot_Minichallenges/Minichallenge5/src/puzzlebot_sim) by extension 'ignore_ament_install'
[0.285s] Level 1:colcon.colcon_core.package_identification:_identify(/home/aaraizae/Puzzlebot_Minichallenges/Minichallenge5/src/puzzlebot_sim) by extensions ['colcon_pkg']
[0.285s] Level 1:colcon.colcon_core.package_identification:_identify(/home/aaraizae/Puzzlebot_Minichallenges/Minichallenge5/src/puzzlebot_sim) by extension 'colcon_pkg'
[0.285s] Level 1:colcon.colcon_core.package_identification:_identify(/home/aaraizae/Puzzlebot_Minichallenges/Minichallenge5/src/puzzlebot_sim) by extensions ['colcon_meta']
[0.285s] Level 1:colcon.colcon_core.package_identification:_identify(/home/aaraizae/Puzzlebot_Minichallenges/Minichallenge5/src/puzzlebot_sim) by extension 'colcon_meta'
[0.285s] Level 1:colcon.colcon_core.package_identification:_identify(/home/aaraizae/Puzzlebot_Minichallenges/Minichallenge5/src/puzzlebot_sim) by extensions ['ros']
[0.285s] Level 1:colcon.colcon_core.package_identification:_identify(/home/aaraizae/Puzzlebot_Minichallenges/Minichallenge5/src/puzzlebot_sim) by extension 'ros'
[0.287s] DEBUG:colcon.colcon_core.package_identification:Package '/home/aaraizae/Puzzlebot_Minichallenges/Minichallenge5/src/puzzlebot_sim' with type 'ros.ament_python' and name 'puzzlebot_sim'
[0.287s] Level 1:colcon.colcon_core.package_discovery:discover_packages(recursive) using defaults
